// Jest Snapshot v1, https://goo.gl/fbAQLP

exports[`works on complex example 1`] = `
Array [
  Object {
    "end": 105,
    "name": "constructor",
    "start": 97,
  },
  Object {
    "end": 110,
    "name": "getNode",
    "start": 107,
  },
  Object {
    "end": 193,
    "name": "render",
    "start": 112,
  },
]
`;
